atlasoff/DataQuality/GoodRunsLists
atlasoff/PhysicsAnalysis/AnalysisCommon/PileupReweighting
atlasusr/wdavey/CoEPPCore
atlasusr/wdavey/CoEPPD3PDReader
atlasusr/wdavey/CoEPPTrigTool
atlasusr/wdavey/TauTriggerCorrections
atlasoff/PhysicsAnalysis/TauID/TauDiscriminant
atlasoff/Trigger/TrigAnalysis/TrigRootAnalysis
atlasoff/Reconstruction/MissingETUtility
atlasoff/Reconstruction/Jet/JetUncertainties
atlasoff/Reconstruction/Jet/JetResolution
atlasoff/Reconstruction/Jet/ApplyJetCalibration
atlasperf/CombPerf/JetETMiss/JetCalibrationTools/ApplyJetResolutionSmearing
atlasoff/PhysicsAnalysis/MuonID/MuonIDAnalysis/MuonMomentumCorrections
atlasoff/PhysicsAnalysis/MuonID/MuonIDAnalysis/MuonEfficiencyCorrections
atlasoff/Trigger/TrigAnalysis/TrigMuonEfficiency
atlasoff/Reconstruction/egamma/egammaAnalysis/egammaAnalysisUtils
atlasoff/Reconstruction/egamma/egammaEvent
atlasphys/Physics/Higgs/HSG4/software/hadhad/TauFakeRates
#atlasphys/Physics/Higgs/HSG4/software/hadhad/TauFakeRates2012
atlasoff/PhysicsAnalysis/AnalysisCommon/MissingMassCalculator
atlasoff/PhysicsAnalysis/HiggsPhys/ggFReweighting
atlasusr/mbecking/HSG4TriggerSF
